
[1m[30m[46m RUN [49m[39m[22m [36mv4.1.5 [39m[90m/Users/johnkeller/My Mac (Johns-MacBook-Pro.local)/Main/NXT1/nxt1-monorepo[39m

 [32m✓[39m [30m[43m @nxt1/backend [49m[39m src/modules/agent/agents/__tests__/tool-exposure.agent.spec.ts [2m([22m[2m16 tests[22m[2m)[22m[32m 59[2mms[22m[39m
[90mstdout[2m | src/modules/agent/agents/__tests__/base.agent.spec.ts[2m > [22m[2mBaseAgent identifier scrubbing[2m > [22m[2msanitizes final summaries in non-streaming mode
[22m[39mℹ️  [INFO] 8:49:24 PM [strategy_coordinator] Starting ReAct loop
{
  "agentId": "strategy_coordinator",
  "userId": "viewer-1",
  "tier": "chat",
  "tools": [
    "send_email",
    "batch_send_email",
    "create_support_ticket",
    "delegate_task",
    "track_analytics_event",
    "get_analytics_summary",
    "search_memory",
    "search_memories",
    "save_memory",
    "get_recent_sync_summaries",
    "delete_memory",
    "dynamic_export",
    "ask_user",
    "search_web",
    "scrape_webpage",
    "open_live_view",
    "navigate_live_view",
    "interact_with_live_view",
    "read_live_view",
    "capture_live_view_screenshot",
    "extract_live_view_media",
    "extract_live_view_playlist",
    "close_live_view",
    "schedule_recurring_task",
    "update_recurring_task",
    "list_recurring_tasks",
    "list_microsoft_365_tools",
    "run_microsoft_365_tool",
    "list_google_workspace_tools",
    "run_google_workspace_tool",
    "search_nxt1_platform",
    "query_nxt1_platform_data",
    "list_nxt1_data_views",
    "query_nxt1_data",
    "scan_timeline_posts",
    "write_intel",
    "update_intel",
    "firecrawl_search_web",
    "firecrawl_agent_research",
    "map_website",
    "extract_web_data",
    "classify_media_url",
    "extract_page_images",
    "extract_hudl_video",
    "create_board_diagram",
    "update_board_diagram",
    "delete_board_diagram",
    "generate_chart_visualization",
    "create_play_diagram",
    "write_playbooks",
    "cancel_recurring_task",
    "analyze_video",
    "analyze_image",
    "get_video_details",
    "search_apify_actors",
    "get_apify_actor_details",
    "call_apify_actor",
    "get_apify_actor_output",
    "stage_media",
    "clip_video",
    "generate_thumbnail",
    "generate_captions",
    "enable_download",
    "manage_watermark",
    "import_video",
    "write_athlete_videos",
    "write_athlete_images",
    "ffmpeg_trim_video",
    "ffmpeg_merge_videos",
    "ffmpeg_resize_video",
    "ffmpeg_add_text_overlay",
    "ffmpeg_burn_subtitles",
    "ffmpeg_generate_thumbnail",
    "ffmpeg_convert_video",
    "ffmpeg_compress_video",
    "gmail_send_email"
  ],
  "hasImageAttachments": false
}
ℹ️  [INFO] 8:49:24 PM [strategy_coordinator] Iteration 1/20
{
  "agentId": "strategy_coordinator",
  "iteration": 1
}

[90mstdout[2m | src/modules/agent/agents/__tests__/base.agent.spec.ts[2m > [22m[2mBaseAgent identifier scrubbing[2m > [22m[2msanitizes final summaries in non-streaming mode
[22m[39mℹ️  [INFO] 8:49:24 PM [strategy_coordinator] Task complete — no more tool calls
{
  "agentId": "strategy_coordinator",
  "iteration": 1,
  "model": "test-model"
}

[90mstdout[2m | src/modules/agent/agents/__tests__/base.agent.spec.ts[2m > [22m[2mBaseAgent identifier scrubbing[2m > [22m[2msanitizes streamed tool args, tool results, and final output
[22m[39mℹ️  [INFO] 8:49:24 PM [strategy_coordinator] Starting ReAct loop
{
  "agentId": "strategy_coordinator",
  "userId": "viewer-1",
  "tier": "chat",
  "tools": [
    "send_email",
    "batch_send_email",
    "create_support_ticket",
    "delegate_task",
    "track_analytics_event",
    "get_analytics_summary",
    "search_memory",
    "search_memories",
    "save_memory",
    "get_recent_sync_summaries",
    "delete_memory",
    "dynamic_export",
    "ask_user",
    "search_web",
    "scrape_webpage",
    "open_live_view",
    "navigate_live_view",
    "interact_with_live_view",
    "read_live_view",
    "capture_live_view_screenshot",
    "extract_live_view_media",
    "extract_live_view_playlist",
    "close_live_view",
    "schedule_recurring_task",
    "update_recurring_task",
    "list_recurring_tasks",
    "list_microsoft_365_tools",
    "run_microsoft_365_tool",
    "list_google_workspace_tools",
    "run_google_workspace_tool",
    "search_nxt1_platform",
    "query_nxt1_platform_data",
    "list_nxt1_data_views",
    "query_nxt1_data",
    "scan_timeline_posts",
    "write_intel",
    "update_intel",
    "firecrawl_search_web",
    "firecrawl_agent_research",
    "map_website",
    "extract_web_data",
    "classify_media_url",
    "extract_page_images",
    "extract_hudl_video",
    "create_board_diagram",
    "update_board_diagram",
    "delete_board_diagram",
    "generate_chart_visualization",
    "create_play_diagram",
    "write_playbooks",
    "cancel_recurring_task",
    "analyze_video",
    "analyze_image",
    "get_video_details",
    "search_apify_actors",
    "get_apify_actor_details",
    "call_apify_actor",
    "get_apify_actor_output",
    "stage_media",
    "clip_video",
    "generate_thumbnail",
    "generate_captions",
    "enable_download",
    "manage_watermark",
    "import_video",
    "write_athlete_videos",
    "write_athlete_images",
    "ffmpeg_trim_video",
    "ffmpeg_merge_videos",
    "ffmpeg_resize_video",
    "ffmpeg_add_text_overlay",
    "ffmpeg_burn_subtitles",
    "ffmpeg_generate_thumbnail",
    "ffmpeg_convert_video",
    "ffmpeg_compress_video",
    "gmail_send_email"
  ],
  "hasImageAttachments": false
}
ℹ️  [INFO] 8:49:24 PM [strategy_coordinator] Iteration 1/20
{
  "agentId": "strategy_coordinator",
  "iteration": 1
}

[90mstdout[2m | src/modules/agent/agents/__tests__/base.agent.spec.ts[2m > [22m[2mBaseAgent identifier scrubbing[2m > [22m[2msanitizes streamed tool args, tool results, and final output
[22m[39mℹ️  [INFO] 8:49:24 PM [strategy_coordinator] Tool calls requested
{
  "agentId": "strategy_coordinator",
  "iteration": 1,
  "tools": [
    "fake_read_tool"
  ]
}
ℹ️  [INFO] 8:49:24 PM [strategy_coordinator] Executing tool: fake_read_tool
{
  "agentId": "strategy_coordinator",
  "tool": "fake_read_tool",
  "args": "{}"
}

[90mstdout[2m | src/modules/agent/agents/__tests__/base.agent.spec.ts[2m > [22m[2mBaseAgent identifier scrubbing[2m > [22m[2msanitizes streamed tool args, tool results, and final output
[22m[39mℹ️  [INFO] 8:49:24 PM [strategy_coordinator] Tool result: fake_read_tool
{
  "agentId": "strategy_coordinator",
  "tool": "fake_read_tool",
  "success": true,
  "dataKeys": [
    "userId",
    "teamId",
    "route",
    "name"
  ]
}
ℹ️  [INFO] 8:49:24 PM [strategy_coordinator] Iteration 2/20
{
  "agentId": "strategy_coordinator",
  "iteration": 2
}

[90mstdout[2m | src/modules/agent/agents/__tests__/base.agent.spec.ts[2m > [22m[2mBaseAgent identifier scrubbing[2m > [22m[2msanitizes streamed tool args, tool results, and final output
[22m[39mℹ️  [INFO] 8:49:24 PM [strategy_coordinator] Task complete — no more tool calls
{
  "agentId": "strategy_coordinator",
  "iteration": 2,
  "model": "test-model"
}

[90mstdout[2m | src/modules/agent/agents/__tests__/base.agent.spec.ts[2m > [22m[2mBaseAgent identifier scrubbing[2m > [22m[2mauto-injects mediaArtifact from conversationHistory into analyze_video
[22m[39mℹ️  [INFO] 8:49:24 PM [BaseAgent] Auto-injected mediaArtifact into analyze_video from conversationHistory
{
  "agentId": "strategy_coordinator",
  "source": "conversationHistory"
}

[90mstdout[2m | src/modules/agent/agents/__tests__/base.agent.spec.ts[2m > [22m[2mBaseAgent identifier scrubbing[2m > [22m[2mauto-injects subjectPhotoUrls and logoUrls into generate_graphic with approval gating
[22m[39mℹ️  [INFO] 8:49:24 PM [BaseAgent] Augmented generate_graphic with retrieved artifacts
{
  "agentId": "strategy_coordinator",
  "injectedSubjectPhotos": true,
  "injectedLogos": true,
  "injectedVideos": false,
  "sourceCount": 3
}

[90mstdout[2m | src/modules/agent/agents/__tests__/base.agent.spec.ts[2m > [22m[2mBaseAgent identifier scrubbing[2m > [22m[2mskips duplicate extract_live_view_media executions using OperationMemory
[22m[39mℹ️  [INFO] 8:49:24 PM [BaseAgent] Skipped duplicate tool execution via OperationMemory
{
  "agentId": "strategy_coordinator",
  "operationId": "op-dedup",
  "toolName": "extract_live_view_media"
}

[90mstdout[2m | src/modules/agent/agents/__tests__/base.agent.spec.ts[2m > [22m[2mBaseAgent identifier scrubbing[2m > [22m[2memits stable step ids and contextual labels for parallel tool calls
[22m[39mℹ️  [INFO] 8:49:24 PM [strategy_coordinator] Starting ReAct loop
{
  "agentId": "strategy_coordinator",
  "userId": "viewer-1",
  "tier": "chat",
  "tools": [
    "send_email",
    "batch_send_email",
    "create_support_ticket",
    "delegate_task",
    "track_analytics_event",
    "get_analytics_summary",
    "search_memory",
    "search_memories",
    "save_memory",
    "get_recent_sync_summaries",
    "delete_memory",
    "dynamic_export",
    "ask_user",
    "search_web",
    "scrape_webpage",
    "open_live_view",
    "navigate_live_view",
    "interact_with_live_view",
    "read_live_view",
    "capture_live_view_screenshot",
    "extract_live_view_media",
    "extract_live_view_playlist",
    "close_live_view",
    "schedule_recurring_task",
    "update_recurring_task",
    "list_recurring_tasks",
    "list_microsoft_365_tools",
    "run_microsoft_365_tool",
    "list_google_workspace_tools",
    "run_google_workspace_tool",
    "search_nxt1_platform",
    "query_nxt1_platform_data",
    "list_nxt1_data_views",
    "query_nxt1_data",
    "scan_timeline_posts",
    "write_intel",
    "update_intel",
    "firecrawl_search_web",
    "firecrawl_agent_research",
    "map_website",
    "extract_web_data",
    "classify_media_url",
    "extract_page_images",
    "extract_hudl_video",
    "create_board_diagram",
    "update_board_diagram",
    "delete_board_diagram",
    "generate_chart_visualization",
    "create_play_diagram",
    "write_playbooks",
    "cancel_recurring_task",
    "analyze_video",
    "analyze_image",
    "get_video_details",
    "search_apify_actors",
    "get_apify_actor_details",
    "call_apify_actor",
    "get_apify_actor_output",
    "stage_media",
    "clip_video",
    "generate_thumbnail",
    "generate_captions",
    "enable_download",
    "manage_watermark",
    "import_video",
    "write_athlete_videos",
    "write_athlete_images",
    "ffmpeg_trim_video",
    "ffmpeg_merge_videos",
    "ffmpeg_resize_video",
    "ffmpeg_add_text_overlay",
    "ffmpeg_burn_subtitles",
    "ffmpeg_generate_thumbnail",
    "ffmpeg_convert_video",
    "ffmpeg_compress_video",
    "gmail_send_email"
  ],
  "hasImageAttachments": false
}
ℹ️  [INFO] 8:49:24 PM [strategy_coordinator] Iteration 1/20
{
  "agentId": "strategy_coordinator",
  "iteration": 1
}

[90mstdout[2m | src/modules/agent/agents/__tests__/base.agent.spec.ts[2m > [22m[2mBaseAgent identifier scrubbing[2m > [22m[2memits stable step ids and contextual labels for parallel tool calls
[22m[39mℹ️  [INFO] 8:49:24 PM [strategy_coordinator] Tool calls requested
{
  "agentId": "strategy_coordinator",
  "iteration": 1,
  "tools": [
    "search_college_coaches",
    "search_college_coaches"
  ]
}
ℹ️  [INFO] 8:49:24 PM [strategy_coordinator] Executing tool: search_college_coaches
{
  "agentId": "strategy_coordinator",
  "tool": "search_college_coaches",
  "args": "{\"schoolName\":\"Ohio State\"}"
}
ℹ️  [INFO] 8:49:24 PM [strategy_coordinator] Executing tool: search_college_coaches
{
  "agentId": "strategy_coordinator",
  "tool": "search_college_coaches",
  "args": "{\"schoolName\":\"Michigan\"}"
}

[90mstdout[2m | src/modules/agent/agents/__tests__/base.agent.spec.ts[2m > [22m[2mBaseAgent identifier scrubbing[2m > [22m[2memits stable step ids and contextual labels for parallel tool calls
[22m[39mℹ️  [INFO] 8:49:24 PM [strategy_coordinator] Tool result: search_college_coaches
{
  "agentId": "strategy_coordinator",
  "tool": "search_college_coaches",
  "success": true,
  "dataKeys": [
    "schoolName"
  ]
}
ℹ️  [INFO] 8:49:24 PM [strategy_coordinator] Tool result: search_college_coaches
{
  "agentId": "strategy_coordinator",
  "tool": "search_college_coaches",
  "success": true,
  "dataKeys": [
    "schoolName"
  ]
}
ℹ️  [INFO] 8:49:24 PM [strategy_coordinator] Iteration 2/20
{
  "agentId": "strategy_coordinator",
  "iteration": 2
}

[90mstdout[2m | src/modules/agent/agents/__tests__/base.agent.spec.ts[2m > [22m[2mBaseAgent identifier scrubbing[2m > [22m[2memits stable step ids and contextual labels for parallel tool calls
[22m[39mℹ️  [INFO] 8:49:24 PM [strategy_coordinator] Task complete — no more tool calls
{
  "agentId": "strategy_coordinator",
  "iteration": 2,
  "model": "test-model"
}

[90mstdout[2m | src/modules/agent/agents/__tests__/base.agent.spec.ts[2m > [22m[2mBaseAgent identifier scrubbing[2m > [22m[2memits a terminal tool_result before rethrowing delegation control flow
[22m[39mℹ️  [INFO] 8:49:24 PM [strategy_coordinator] Starting ReAct loop
{
  "agentId": "strategy_coordinator",
  "userId": "viewer-1",
  "tier": "chat",
  "tools": [
    "send_email",
    "batch_send_email",
    "create_support_ticket",
    "delegate_task",
    "track_analytics_event",
    "get_analytics_summary",
    "search_memory",
    "search_memories",
    "save_memory",
    "get_recent_sync_summaries",
    "delete_memory",
    "dynamic_export",
    "ask_user",
    "search_web",
    "scrape_webpage",
    "open_live_view",
    "navigate_live_view",
    "interact_with_live_view",
    "read_live_view",
    "capture_live_view_screenshot",
    "extract_live_view_media",
    "extract_live_view_playlist",
    "close_live_view",
    "schedule_recurring_task",
    "update_recurring_task",
    "list_recurring_tasks",
    "list_microsoft_365_tools",
    "run_microsoft_365_tool",
    "list_google_workspace_tools",
    "run_google_workspace_tool",
    "search_nxt1_platform",
    "query_nxt1_platform_data",
    "list_nxt1_data_views",
    "query_nxt1_data",
    "scan_timeline_posts",
    "write_intel",
    "update_intel",
    "firecrawl_search_web",
    "firecrawl_agent_research",
    "map_website",
    "extract_web_data",
    "classify_media_url",
    "extract_page_images",
    "extract_hudl_video",
    "create_board_diagram",
    "update_board_diagram",
    "delete_board_diagram",
    "generate_chart_visualization",
    "create_play_diagram",
    "write_playbooks",
    "cancel_recurring_task",
    "analyze_video",
    "analyze_image",
    "get_video_details",
    "search_apify_actors",
    "get_apify_actor_details",
    "call_apify_actor",
    "get_apify_actor_output",
    "stage_media",
    "clip_video",
    "generate_thumbnail",
    "generate_captions",
    "enable_download",
    "manage_watermark",
    "import_video",
    "write_athlete_videos",
    "write_athlete_images",
    "ffmpeg_trim_video",
    "ffmpeg_merge_videos",
    "ffmpeg_resize_video",
    "ffmpeg_add_text_overlay",
    "ffmpeg_burn_subtitles",
    "ffmpeg_generate_thumbnail",
    "ffmpeg_convert_video",
    "ffmpeg_compress_video",
    "gmail_send_email"
  ],
  "hasImageAttachments": false
}
ℹ️  [INFO] 8:49:24 PM [strategy_coordinator] Iteration 1/20
{
  "agentId": "strategy_coordinator",
  "iteration": 1
}

[90mstdout[2m | src/modules/agent/agents/__tests__/base.agent.spec.ts[2m > [22m[2mBaseAgent identifier scrubbing[2m > [22m[2memits a terminal tool_result before rethrowing delegation control flow
[22m[39mℹ️  [INFO] 8:49:24 PM [strategy_coordinator] Tool calls requested
{
  "agentId": "strategy_coordinator",
  "iteration": 1,
  "tools": [
    "delegate_task"
  ]
}
ℹ️  [INFO] 8:49:24 PM [strategy_coordinator] Executing tool: delegate_task
{
  "agentId": "strategy_coordinator",
  "tool": "delegate_task",
  "args": "{\"forwarding_intent\":\"Find the right specialist\"}"
}

[90mstdout[2m | src/modules/agent/agents/__tests__/base.agent.spec.ts[2m > [22m[2mBaseAgent identifier scrubbing[2m > [22m[2mhumanizes Microsoft MCP progress labels for non-developer phrasing
[22m[39mℹ️  [INFO] 8:49:24 PM [strategy_coordinator] Starting ReAct loop
{
  "agentId": "strategy_coordinator",
  "userId": "viewer-1",
  "tier": "chat",
  "tools": [
    "send_email",
    "batch_send_email",
    "create_support_ticket",
    "delegate_task",
    "track_analytics_event",
    "get_analytics_summary",
    "search_memory",
    "search_memories",
    "save_memory",
    "get_recent_sync_summaries",
    "delete_memory",
    "dynamic_export",
    "ask_user",
    "search_web",
    "scrape_webpage",
    "open_live_view",
    "navigate_live_view",
    "interact_with_live_view",
    "read_live_view",
    "capture_live_view_screenshot",
    "extract_live_view_media",
    "extract_live_view_playlist",
    "close_live_view",
    "schedule_recurring_task",
    "update_recurring_task",
    "list_recurring_tasks",
    "list_microsoft_365_tools",
    "run_microsoft_365_tool",
    "list_google_workspace_tools",
    "run_google_workspace_tool",
    "search_nxt1_platform",
    "query_nxt1_platform_data",
    "list_nxt1_data_views",
    "query_nxt1_data",
    "scan_timeline_posts",
    "write_intel",
    "update_intel",
    "firecrawl_search_web",
    "firecrawl_agent_research",
    "map_website",
    "extract_web_data",
    "classify_media_url",
    "extract_page_images",
    "extract_hudl_video",
    "create_board_diagram",
    "update_board_diagram",
    "delete_board_diagram",
    "generate_chart_visualization",
    "create_play_diagram",
    "write_playbooks",
    "cancel_recurring_task",
    "analyze_video",
    "analyze_image",
    "get_video_details",
    "search_apify_actors",
    "get_apify_actor_details",
    "call_apify_actor",
    "get_apify_actor_output",
    "stage_media",
    "clip_video",
    "generate_thumbnail",
    "generate_captions",
    "enable_download",
    "manage_watermark",
    "import_video",
    "write_athlete_videos",
    "write_athlete_images",
    "ffmpeg_trim_video",
    "ffmpeg_merge_videos",
    "ffmpeg_resize_video",
    "ffmpeg_add_text_overlay",
    "ffmpeg_burn_subtitles",
    "ffmpeg_generate_thumbnail",
    "ffmpeg_convert_video",
    "ffmpeg_compress_video",
    "gmail_send_email"
  ],
  "hasImageAttachments": false
}
ℹ️  [INFO] 8:49:24 PM [strategy_coordinator] Iteration 1/20
{
  "agentId": "strategy_coordinator",
  "iteration": 1
}

[90mstdout[2m | src/modules/agent/agents/__tests__/base.agent.spec.ts[2m > [22m[2mBaseAgent identifier scrubbing[2m > [22m[2mhumanizes Microsoft MCP progress labels for non-developer phrasing
[22m[39mℹ️  [INFO] 8:49:24 PM [strategy_coordinator] Tool calls requested
{
  "agentId": "strategy_coordinator",
  "iteration": 1,
  "tools": [
    "run_microsoft_365_tool"
  ]
}
ℹ️  [INFO] 8:49:24 PM [strategy_coordinator] Executing tool: run_microsoft_365_tool
{
  "agentId": "strategy_coordinator",
  "tool": "run_microsoft_365_tool",
  "args": "{\"toolName\":\"list-calendar-events\",\"arguments\":{\"top\":5}}"
}

[90mstdout[2m | src/modules/agent/agents/__tests__/base.agent.spec.ts[2m > [22m[2mBaseAgent identifier scrubbing[2m > [22m[2mhumanizes Microsoft MCP progress labels for non-developer phrasing
[22m[39mℹ️  [INFO] 8:49:24 PM [strategy_coordinator] Tool result: run_microsoft_365_tool
{
  "agentId": "strategy_coordinator",
  "tool": "run_microsoft_365_tool",
  "success": true,
  "dataKeys": [
    "toolName"
  ]
}
ℹ️  [INFO] 8:49:24 PM [strategy_coordinator] Iteration 2/20
{
  "agentId": "strategy_coordinator",
  "iteration": 2
}

[90mstdout[2m | src/modules/agent/agents/__tests__/base.agent.spec.ts[2m > [22m[2mBaseAgent identifier scrubbing[2m > [22m[2mhumanizes Microsoft MCP progress labels for non-developer phrasing
[22m[39mℹ️  [INFO] 8:49:24 PM [strategy_coordinator] Task complete — no more tool calls
{
  "agentId": "strategy_coordinator",
  "iteration": 2,
  "model": "test-model"
}

[90mstdout[2m | src/modules/agent/agents/__tests__/base.agent.spec.ts[2m > [22m[2mBaseAgent identifier scrubbing[2m > [22m[2memits one LLM-generated progress commentary for a large single tool burst
[22m[39mℹ️  [INFO] 8:49:24 PM [strategy_coordinator] Starting ReAct loop
{
  "agentId": "strategy_coordinator",
  "userId": "viewer-1",
  "tier": "chat",
  "tools": [
    "send_email",
    "batch_send_email",
    "create_support_ticket",
    "delegate_task",
    "track_analytics_event",
    "get_analytics_summary",
    "search_memory",
    "search_memories",
    "save_memory",
    "get_recent_sync_summaries",
    "delete_memory",
    "dynamic_export",
    "ask_user",
    "search_web",
    "scrape_webpage",
    "open_live_view",
    "navigate_live_view",
    "interact_with_live_view",
    "read_live_view",
    "capture_live_view_screenshot",
    "extract_live_view_media",
    "extract_live_view_playlist",
    "close_live_view",
    "schedule_recurring_task",
    "update_recurring_task",
    "list_recurring_tasks",
    "list_microsoft_365_tools",
    "run_microsoft_365_tool",
    "list_google_workspace_tools",
    "run_google_workspace_tool",
    "search_nxt1_platform",
    "query_nxt1_platform_data",
    "list_nxt1_data_views",
    "query_nxt1_data",
    "scan_timeline_posts",
    "write_intel",
    "update_intel",
    "firecrawl_search_web",
    "firecrawl_agent_research",
    "map_website",
    "extract_web_data",
    "classify_media_url",
    "extract_page_images",
    "extract_hudl_video",
    "create_board_diagram",
    "update_board_diagram",
    "delete_board_diagram",
    "generate_chart_visualization",
    "create_play_diagram",
    "write_playbooks",
    "cancel_recurring_task",
    "analyze_video",
    "analyze_image",
    "get_video_details",
    "search_apify_actors",
    "get_apify_actor_details",
    "call_apify_actor",
    "get_apify_actor_output",
    "stage_media",
    "clip_video",
    "generate_thumbnail",
    "generate_captions",
    "enable_download",
    "manage_watermark",
    "import_video",
    "write_athlete_videos",
    "write_athlete_images",
    "ffmpeg_trim_video",
    "ffmpeg_merge_videos",
    "ffmpeg_resize_video",
    "ffmpeg_add_text_overlay",
    "ffmpeg_burn_subtitles",
    "ffmpeg_generate_thumbnail",
    "ffmpeg_convert_video",
    "ffmpeg_compress_video",
    "gmail_send_email"
  ],
  "hasImageAttachments": false
}
ℹ️  [INFO] 8:49:24 PM [strategy_coordinator] Iteration 1/20
{
  "agentId": "strategy_coordinator",
  "iteration": 1
}

[90mstdout[2m | src/modules/agent/agents/__tests__/base.agent.spec.ts[2m > [22m[2mBaseAgent identifier scrubbing[2m > [22m[2memits one LLM-generated progress commentary for a large single tool burst
[22m[39mℹ️  [INFO] 8:49:24 PM [strategy_coordinator] Tool calls requested
{
  "agentId": "strategy_coordinator",
  "iteration": 1,
  "tools": [
    "fake_read_tool",
    "fake_read_tool",
    "fake_read_tool",
    "fake_read_tool",
    "fake_read_tool",
    "fake_read_tool"
  ]
}
ℹ️  [INFO] 8:49:24 PM [strategy_coordinator] Executing tool: fake_read_tool
{
  "agentId": "strategy_coordinator",
  "tool": "fake_read_tool",
  "args": "{}"
}
ℹ️  [INFO] 8:49:24 PM [strategy_coordinator] Executing tool: fake_read_tool
{
  "agentId": "strategy_coordinator",
  "tool": "fake_read_tool",
  "args": "{}"
}
ℹ️  [INFO] 8:49:24 PM [strategy_coordinator] Executing tool: fake_read_tool
{
  "agentId": "strategy_coordinator",
  "tool": "fake_read_tool",
  "args": "{}"
}
ℹ️  [INFO] 8:49:24 PM [strategy_coordinator] Executing tool: fake_read_tool
{
  "agentId": "strategy_coordinator",
  "tool": "fake_read_tool",
  "args": "{}"
}
ℹ️  [INFO] 8:49:24 PM [strategy_coordinator] Executing tool: fake_read_tool
{
  "agentId": "strategy_coordinator",
  "tool": "fake_read_tool",
  "args": "{}"
}
ℹ️  [INFO] 8:49:24 PM [strategy_coordinator] Executing tool: fake_read_tool
{
  "agentId": "strategy_coordinator",
  "tool": "fake_read_tool",
  "args": "{}"
}

[90mstdout[2m | src/modules/agent/agents/__tests__/base.agent.spec.ts[2m > [22m[2mBaseAgent identifier scrubbing[2m > [22m[2memits one LLM-generated progress commentary for a large single tool burst
[22m[39mℹ️  [INFO] 8:49:24 PM [strategy_coordinator] Tool result: fake_read_tool
{
  "agentId": "strategy_coordinator",
  "tool": "fake_read_tool",
  "success": true,
  "dataKeys": [
    "userId",
    "teamId",
    "route",
    "name"
  ]
}
ℹ️  [INFO] 8:49:24 PM [strategy_coordinator] Tool result: fake_read_tool
{
  "agentId": "strategy_coordinator",
  "tool": "fake_read_tool",
  "success": true,
  "dataKeys": [
    "userId",
    "teamId",
    "route",
    "name"
  ]
}
ℹ️  [INFO] 8:49:24 PM [strategy_coordinator] Tool result: fake_read_tool
{
  "agentId": "strategy_coordinator",
  "tool": "fake_read_tool",
  "success": true,
  "dataKeys": [
    "userId",
    "teamId",
    "route",
    "name"
  ]
}
ℹ️  [INFO] 8:49:24 PM [strategy_coordinator] Tool result: fake_read_tool
{
  "agentId": "strategy_coordinator",
  "tool": "fake_read_tool",
  "success": true,
  "dataKeys": [
    "userId",
    "teamId",
    "route",
    "name"
  ]
}
ℹ️  [INFO] 8:49:24 PM [strategy_coordinator] Tool result: fake_read_tool
{
  "agentId": "strategy_coordinator",
  "tool": "fake_read_tool",
  "success": true,
  "dataKeys": [
    "userId",
    "teamId",
    "route",
    "name"
  ]
}
ℹ️  [INFO] 8:49:24 PM [strategy_coordinator] Tool result: fake_read_tool
{
  "agentId": "strategy_coordinator",
  "tool": "fake_read_tool",
  "success": true,
  "dataKeys": [
    "userId",
    "teamId",
    "route",
    "name"
  ]
}

[90mstdout[2m | src/modules/agent/agents/__tests__/base.agent.spec.ts[2m > [22m[2mBaseAgent identifier scrubbing[2m > [22m[2memits one LLM-generated progress commentary for a large single tool burst
[22m[39mℹ️  [INFO] 8:49:24 PM [strategy_coordinator] Iteration 2/20
{
  "agentId": "strategy_coordinator",
  "iteration": 2
}

[90mstdout[2m | src/modules/agent/agents/__tests__/base.agent.spec.ts[2m > [22m[2mBaseAgent identifier scrubbing[2m > [22m[2memits one LLM-generated progress commentary for a large single tool burst
[22m[39mℹ️  [INFO] 8:49:24 PM [strategy_coordinator] Task complete — no more tool calls
{
  "agentId": "strategy_coordinator",
  "iteration": 2,
  "model": "test-model"
}

[90mstdout[2m | src/modules/agent/agents/__tests__/base.agent.spec.ts[2m > [22m[2mBaseAgent identifier scrubbing[2m > [22m[2msends PDF attachments natively to OpenRouter; does not extract
[22m[39mℹ️  [INFO] 8:49:24 PM [strategy_coordinator] Starting ReAct loop
{
  "agentId": "strategy_coordinator",
  "userId": "viewer-1",
  "tier": "vision_analysis",
  "tools": [
    "send_email",
    "batch_send_email",
    "create_support_ticket",
    "delegate_task",
    "track_analytics_event",
    "get_analytics_summary",
    "search_memory",
    "search_memories",
    "save_memory",
    "get_recent_sync_summaries",
    "delete_memory",
    "dynamic_export",
    "ask_user",
    "search_web",
    "scrape_webpage",
    "open_live_view",
    "navigate_live_view",
    "interact_with_live_view",
    "read_live_view",
    "capture_live_view_screenshot",
    "extract_live_view_media",
    "extract_live_view_playlist",
    "close_live_view",
    "schedule_recurring_task",
    "update_recurring_task",
    "list_recurring_tasks",
    "list_microsoft_365_tools",
    "run_microsoft_365_tool",
    "list_google_workspace_tools",
    "run_google_workspace_tool",
    "search_nxt1_platform",
    "query_nxt1_platform_data",
    "list_nxt1_data_views",
    "query_nxt1_data",
    "scan_timeline_posts",
    "write_intel",
    "update_intel",
    "firecrawl_search_web",
    "firecrawl_agent_research",
    "map_website",
    "extract_web_data",
    "classify_media_url",
    "extract_page_images",
    "extract_hudl_video",
    "create_board_diagram",
    "update_board_diagram",
    "delete_board_diagram",
    "generate_chart_visualization",
    "create_play_diagram",
    "write_playbooks",
    "cancel_recurring_task",
    "analyze_video",
    "analyze_image",
    "get_video_details",
    "search_apify_actors",
    "get_apify_actor_details",
    "call_apify_actor",
    "get_apify_actor_output",
    "stage_media",
    "clip_video",
    "generate_thumbnail",
    "generate_captions",
    "enable_download",
    "manage_watermark",
    "import_video",
    "write_athlete_videos",
    "write_athlete_images",
    "ffmpeg_trim_video",
    "ffmpeg_merge_videos",
    "ffmpeg_resize_video",
    "ffmpeg_add_text_overlay",
    "ffmpeg_burn_subtitles",
    "ffmpeg_generate_thumbnail",
    "ffmpeg_convert_video",
    "ffmpeg_compress_video",
    "gmail_send_email"
  ],
  "hasImageAttachments": true
}
ℹ️  [INFO] 8:49:24 PM [strategy_coordinator] Iteration 1/20
{
  "agentId": "strategy_coordinator",
  "iteration": 1
}

[90mstdout[2m | src/modules/agent/agents/__tests__/base.agent.spec.ts[2m > [22m[2mBaseAgent identifier scrubbing[2m > [22m[2msends PDF attachments natively to OpenRouter; does not extract
[22m[39mℹ️  [INFO] 8:49:24 PM [strategy_coordinator] Task complete — no more tool calls
{
  "agentId": "strategy_coordinator",
  "iteration": 1,
  "model": "test-model"
}

[90mstdout[2m | src/modules/agent/agents/__tests__/base.agent.spec.ts[2m > [22m[2mBaseAgent identifier scrubbing[2m > [22m[2mextracts CSV attachment content and appends parsed preview to user intent text
[22m[39mℹ️  [INFO] 8:49:24 PM [strategy_coordinator] Starting ReAct loop
{
  "agentId": "strategy_coordinator",
  "userId": "viewer-1",
  "tier": "chat",
  "tools": [
    "send_email",
    "batch_send_email",
    "create_support_ticket",
    "delegate_task",
    "track_analytics_event",
    "get_analytics_summary",
    "search_memory",
    "search_memories",
    "save_memory",
    "get_recent_sync_summaries",
    "delete_memory",
    "dynamic_export",
    "ask_user",
    "search_web",
    "scrape_webpage",
    "open_live_view",
    "navigate_live_view",
    "interact_with_live_view",
    "read_live_view",
    "capture_live_view_screenshot",
    "extract_live_view_media",
    "extract_live_view_playlist",
    "close_live_view",
    "schedule_recurring_task",
    "update_recurring_task",
    "list_recurring_tasks",
    "list_microsoft_365_tools",
    "run_microsoft_365_tool",
    "list_google_workspace_tools",
    "run_google_workspace_tool",
    "search_nxt1_platform",
    "query_nxt1_platform_data",
    "list_nxt1_data_views",
    "query_nxt1_data",
    "scan_timeline_posts",
    "write_intel",
    "update_intel",
    "firecrawl_search_web",
    "firecrawl_agent_research",
    "map_website",
    "extract_web_data",
    "classify_media_url",
    "extract_page_images",
    "extract_hudl_video",
    "create_board_diagram",
    "update_board_diagram",
    "delete_board_diagram",
    "generate_chart_visualization",
    "create_play_diagram",
    "write_playbooks",
    "cancel_recurring_task",
    "analyze_video",
    "analyze_image",
    "get_video_details",
    "search_apify_actors",
    "get_apify_actor_details",
    "call_apify_actor",
    "get_apify_actor_output",
    "stage_media",
    "clip_video",
    "generate_thumbnail",
    "generate_captions",
    "enable_download",
    "manage_watermark",
    "import_video",
    "write_athlete_videos",
    "write_athlete_images",
    "ffmpeg_trim_video",
    "ffmpeg_merge_videos",
    "ffmpeg_resize_video",
    "ffmpeg_add_text_overlay",
    "ffmpeg_burn_subtitles",
    "ffmpeg_generate_thumbnail",
    "ffmpeg_convert_video",
    "ffmpeg_compress_video",
    "gmail_send_email"
  ],
  "hasImageAttachments": false
}
ℹ️  [INFO] 8:49:24 PM [strategy_coordinator] Iteration 1/20
{
  "agentId": "strategy_coordinator",
  "iteration": 1
}

[90mstdout[2m | src/modules/agent/agents/__tests__/base.agent.spec.ts[2m > [22m[2mBaseAgent identifier scrubbing[2m > [22m[2mextracts CSV attachment content and appends parsed preview to user intent text
[22m[39mℹ️  [INFO] 8:49:24 PM [strategy_coordinator] Task complete — no more tool calls
{
  "agentId": "strategy_coordinator",
  "iteration": 1,
  "model": "test-model"
}

[90mstdout[2m | src/modules/agent/agents/__tests__/base.agent.spec.ts[2m > [22m[2mBaseAgent identifier scrubbing[2m > [22m[2minlines signed storage image attachments as data URLs before calling the vision model
[22m[39mℹ️  [INFO] 8:49:24 PM [strategy_coordinator] Starting ReAct loop
{
  "agentId": "strategy_coordinator",
  "userId": "viewer-1",
  "tier": "vision_analysis",
  "tools": [
    "send_email",
    "batch_send_email",
    "create_support_ticket",
    "delegate_task",
    "track_analytics_event",
    "get_analytics_summary",
    "search_memory",
    "search_memories",
    "save_memory",
    "get_recent_sync_summaries",
    "delete_memory",
    "dynamic_export",
    "ask_user",
    "search_web",
    "scrape_webpage",
    "open_live_view",
    "navigate_live_view",
    "interact_with_live_view",
    "read_live_view",
    "capture_live_view_screenshot",
    "extract_live_view_media",
    "extract_live_view_playlist",
    "close_live_view",
    "schedule_recurring_task",
    "update_recurring_task",
    "list_recurring_tasks",
    "list_microsoft_365_tools",
    "run_microsoft_365_tool",
    "list_google_workspace_tools",
    "run_google_workspace_tool",
    "search_nxt1_platform",
    "query_nxt1_platform_data",
    "list_nxt1_data_views",
    "query_nxt1_data",
    "scan_timeline_posts",
    "write_intel",
    "update_intel",
    "firecrawl_search_web",
    "firecrawl_agent_research",
    "map_website",
    "extract_web_data",
    "classify_media_url",
    "extract_page_images",
    "extract_hudl_video",
    "create_board_diagram",
    "update_board_diagram",
    "delete_board_diagram",
    "generate_chart_visualization",
    "create_play_diagram",
    "write_playbooks",
    "cancel_recurring_task",
    "analyze_video",
    "analyze_image",
    "get_video_details",
    "search_apify_actors",
    "get_apify_actor_details",
    "call_apify_actor",
    "get_apify_actor_output",
    "stage_media",
    "clip_video",
    "generate_thumbnail",
    "generate_captions",
    "enable_download",
    "manage_watermark",
    "import_video",
    "write_athlete_videos",
    "write_athlete_images",
    "ffmpeg_trim_video",
    "ffmpeg_merge_videos",
    "ffmpeg_resize_video",
    "ffmpeg_add_text_overlay",
    "ffmpeg_burn_subtitles",
    "ffmpeg_generate_thumbnail",
    "ffmpeg_convert_video",
    "ffmpeg_compress_video",
    "gmail_send_email"
  ],
  "hasImageAttachments": true
}
ℹ️  [INFO] 8:49:24 PM [strategy_coordinator] Iteration 1/20
{
  "agentId": "strategy_coordinator",
  "iteration": 1
}

[90mstdout[2m | src/modules/agent/agents/__tests__/base.agent.spec.ts[2m > [22m[2mBaseAgent identifier scrubbing[2m > [22m[2minlines signed storage image attachments as data URLs before calling the vision model
[22m[39mℹ️  [INFO] 8:49:24 PM [strategy_coordinator] Task complete — no more tool calls
{
  "agentId": "strategy_coordinator",
  "iteration": 1,
  "model": "test-model"
}

[90mstdout[2m | src/modules/agent/agents/__tests__/base.agent.spec.ts[2m > [22m[2mBaseAgent identifier scrubbing[2m > [22m[2minjects deterministic compute-first prompt guidance for numeric intents
[22m[39mℹ️  [INFO] 8:49:24 PM [strategy_coordinator] Starting ReAct loop
{
  "agentId": "strategy_coordinator",
  "userId": "viewer-1",
  "tier": "chat",
  "tools": [
    "send_email",
    "batch_send_email",
    "create_support_ticket",
    "delegate_task",
    "track_analytics_event",
    "get_analytics_summary",
    "search_memory",
    "search_memories",
    "save_memory",
    "get_recent_sync_summaries",
    "delete_memory",
    "dynamic_export",
    "ask_user",
    "search_web",
    "scrape_webpage",
    "open_live_view",
    "navigate_live_view",
    "interact_with_live_view",
    "read_live_view",
    "capture_live_view_screenshot",
    "extract_live_view_media",
    "extract_live_view_playlist",
    "close_live_view",
    "schedule_recurring_task",
    "update_recurring_task",
    "list_recurring_tasks",
    "list_microsoft_365_tools",
    "run_microsoft_365_tool",
    "list_google_workspace_tools",
    "run_google_workspace_tool",
    "search_nxt1_platform",
    "query_nxt1_platform_data",
    "list_nxt1_data_views",
    "query_nxt1_data",
    "scan_timeline_posts",
    "write_intel",
    "update_intel",
    "firecrawl_search_web",
    "firecrawl_agent_research",
    "map_website",
    "extract_web_data",
    "classify_media_url",
    "extract_page_images",
    "extract_hudl_video",
    "create_board_diagram",
    "update_board_diagram",
    "delete_board_diagram",
    "generate_chart_visualization",
    "create_play_diagram",
    "write_playbooks",
    "cancel_recurring_task",
    "analyze_video",
    "analyze_image",
    "get_video_details",
    "search_apify_actors",
    "get_apify_actor_details",
    "call_apify_actor",
    "get_apify_actor_output",
    "stage_media",
    "clip_video",
    "generate_thumbnail",
    "generate_captions",
    "enable_download",
    "manage_watermark",
    "import_video",
    "write_athlete_videos",
    "write_athlete_images",
    "ffmpeg_trim_video",
    "ffmpeg_merge_videos",
    "ffmpeg_resize_video",
    "ffmpeg_add_text_overlay",
    "ffmpeg_burn_subtitles",
    "ffmpeg_generate_thumbnail",
    "ffmpeg_convert_video",
    "ffmpeg_compress_video",
    "gmail_send_email"
  ],
  "hasImageAttachments": false
}
ℹ️  [INFO] 8:49:24 PM [strategy_coordinator] Iteration 1/20
{
  "agentId": "strategy_coordinator",
  "iteration": 1
}

[90mstdout[2m | src/modules/agent/agents/__tests__/base.agent.spec.ts[2m > [22m[2mBaseAgent identifier scrubbing[2m > [22m[2minjects deterministic compute-first prompt guidance for numeric intents
[22m[39mℹ️  [INFO] 8:49:24 PM [strategy_coordinator] Task complete — no more tool calls
{
  "agentId": "strategy_coordinator",
  "iteration": 1,
  "model": "test-model"
}

[90mstdout[2m | src/modules/agent/agents/__tests__/base.agent.spec.ts[2m > [22m[2mBaseAgent identifier scrubbing[2m > [22m[2mignores configured coordinator prompt additions and keeps the base coordinator prompt authoritative
[22m[39mℹ️  [INFO] 8:49:24 PM [strategy_coordinator] Starting ReAct loop
{
  "agentId": "strategy_coordinator",
  "userId": "viewer-1",
  "tier": "chat",
  "tools": [
    "send_email",
    "batch_send_email",
    "create_support_ticket",
    "delegate_task",
    "track_analytics_event",
    "get_analytics_summary",
    "search_memory",
    "search_memories",
    "save_memory",
    "get_recent_sync_summaries",
    "delete_memory",
    "dynamic_export",
    "ask_user",
    "search_web",
    "scrape_webpage",
    "open_live_view",
    "navigate_live_view",
    "interact_with_live_view",
    "read_live_view",
    "capture_live_view_screenshot",
    "extract_live_view_media",
    "extract_live_view_playlist",
    "close_live_view",
    "schedule_recurring_task",
    "update_recurring_task",
    "list_recurring_tasks",
    "list_microsoft_365_tools",
    "run_microsoft_365_tool",
    "list_google_workspace_tools",
    "run_google_workspace_tool",
    "search_nxt1_platform",
    "query_nxt1_platform_data",
    "list_nxt1_data_views",
    "query_nxt1_data",
    "scan_timeline_posts",
    "write_intel",
    "update_intel",
    "firecrawl_search_web",
    "firecrawl_agent_research",
    "map_website",
    "extract_web_data",
    "classify_media_url",
    "extract_page_images",
    "extract_hudl_video",
    "create_board_diagram",
    "update_board_diagram",
    "delete_board_diagram",
    "generate_chart_visualization",
    "create_play_diagram",
    "write_playbooks",
    "cancel_recurring_task",
    "analyze_video",
    "analyze_image",
    "get_video_details",
    "search_apify_actors",
    "get_apify_actor_details",
    "call_apify_actor",
    "get_apify_actor_output",
    "stage_media",
    "clip_video",
    "generate_thumbnail",
    "generate_captions",
    "enable_download",
    "manage_watermark",
    "import_video",
    "write_athlete_videos",
    "write_athlete_images",
    "ffmpeg_trim_video",
    "ffmpeg_merge_videos",
    "ffmpeg_resize_video",
    "ffmpeg_add_text_overlay",
    "ffmpeg_burn_subtitles",
    "ffmpeg_generate_thumbnail",
    "ffmpeg_convert_video",
    "ffmpeg_compress_video",
    "gmail_send_email"
  ],
  "hasImageAttachments": false
}
ℹ️  [INFO] 8:49:24 PM [strategy_coordinator] Iteration 1/20
{
  "agentId": "strategy_coordinator",
  "iteration": 1
}

[90mstdout[2m | src/modules/agent/agents/__tests__/base.agent.spec.ts[2m > [22m[2mBaseAgent identifier scrubbing[2m > [22m[2mignores configured coordinator prompt additions and keeps the base coordinator prompt authoritative
[22m[39mℹ️  [INFO] 8:49:24 PM [strategy_coordinator] Task complete — no more tool calls
{
  "agentId": "strategy_coordinator",
  "iteration": 1,
  "model": "test-model"
}

[90mstdout[2m | src/modules/agent/agents/__tests__/base.agent.spec.ts[2m > [22m[2mBaseAgent identifier scrubbing[2m > [22m[2mattaches evidenceTrace metadata for numeric tool-backed responses
[22m[39mℹ️  [INFO] 8:49:24 PM [strategy_coordinator] Starting ReAct loop
{
  "agentId": "strategy_coordinator",
  "userId": "viewer-1",
  "tier": "chat",
  "tools": [
    "send_email",
    "batch_send_email",
    "create_support_ticket",
    "delegate_task",
    "track_analytics_event",
    "get_analytics_summary",
    "search_memory",
    "search_memories",
    "save_memory",
    "get_recent_sync_summaries",
    "delete_memory",
    "dynamic_export",
    "ask_user",
    "search_web",
    "scrape_webpage",
    "open_live_view",
    "navigate_live_view",
    "interact_with_live_view",
    "read_live_view",
    "capture_live_view_screenshot",
    "extract_live_view_media",
    "extract_live_view_playlist",
    "close_live_view",
    "schedule_recurring_task",
    "update_recurring_task",
    "list_recurring_tasks",
    "list_microsoft_365_tools",
    "run_microsoft_365_tool",
    "list_google_workspace_tools",
    "run_google_workspace_tool",
    "search_nxt1_platform",
    "query_nxt1_platform_data",
    "list_nxt1_data_views",
    "query_nxt1_data",
    "scan_timeline_posts",
    "write_intel",
    "update_intel",
    "firecrawl_search_web",
    "firecrawl_agent_research",
    "map_website",
    "extract_web_data",
    "classify_media_url",
    "extract_page_images",
    "extract_hudl_video",
    "create_board_diagram",
    "update_board_diagram",
    "delete_board_diagram",
    "generate_chart_visualization",
    "create_play_diagram",
    "write_playbooks",
    "cancel_recurring_task",
    "analyze_video",
    "analyze_image",
    "get_video_details",
    "search_apify_actors",
    "get_apify_actor_details",
    "call_apify_actor",
    "get_apify_actor_output",
    "stage_media",
    "clip_video",
    "generate_thumbnail",
    "generate_captions",
    "enable_download",
    "manage_watermark",
    "import_video",
    "write_athlete_videos",
    "write_athlete_images",
    "ffmpeg_trim_video",
    "ffmpeg_merge_videos",
    "ffmpeg_resize_video",
    "ffmpeg_add_text_overlay",
    "ffmpeg_burn_subtitles",
    "ffmpeg_generate_thumbnail",
    "ffmpeg_convert_video",
    "ffmpeg_compress_video",
    "gmail_send_email"
  ],
  "hasImageAttachments": false
}
ℹ️  [INFO] 8:49:24 PM [strategy_coordinator] Iteration 1/20
{
  "agentId": "strategy_coordinator",
  "iteration": 1
}

[90mstdout[2m | src/modules/agent/agents/__tests__/base.agent.spec.ts[2m > [22m[2mBaseAgent identifier scrubbing[2m > [22m[2mattaches evidenceTrace metadata for numeric tool-backed responses
[22m[39mℹ️  [INFO] 8:49:24 PM [strategy_coordinator] Tool calls requested
{
  "agentId": "strategy_coordinator",
  "iteration": 1,
  "tools": [
    "fake_read_tool"
  ]
}
ℹ️  [INFO] 8:49:24 PM [strategy_coordinator] Executing tool: fake_read_tool
{
  "agentId": "strategy_coordinator",
  "tool": "fake_read_tool",
  "args": "{}"
}

[90mstdout[2m | src/modules/agent/agents/__tests__/base.agent.spec.ts[2m > [22m[2mBaseAgent identifier scrubbing[2m > [22m[2mattaches evidenceTrace metadata for numeric tool-backed responses
[22m[39mℹ️  [INFO] 8:49:24 PM [strategy_coordinator] Tool result: fake_read_tool
{
  "agentId": "strategy_coordinator",
  "tool": "fake_read_tool",
  "success": true,
  "dataKeys": [
    "userId",
    "teamId",
    "route",
    "name"
  ]
}
ℹ️  [INFO] 8:49:24 PM [strategy_coordinator] Iteration 2/20
{
  "agentId": "strategy_coordinator",
  "iteration": 2
}

[90mstdout[2m | src/modules/agent/agents/__tests__/base.agent.spec.ts[2m > [22m[2mBaseAgent identifier scrubbing[2m > [22m[2mattaches evidenceTrace metadata for numeric tool-backed responses
[22m[39mℹ️  [INFO] 8:49:24 PM [strategy_coordinator] Task complete — no more tool calls
{
  "agentId": "strategy_coordinator",
  "iteration": 2,
  "model": "test-model"
}

 [32m✓[39m [30m[43m @nxt1/backend [49m[39m src/modules/agent/agents/__tests__/base.agent.spec.ts [2m([22m[2m25 tests[22m[2m)[22m[32m 63[2mms[22m[39m

[2m Test Files [22m [1m[32m2 passed[39m[22m[90m (2)[39m
[2m      Tests [22m [1m[32m41 passed[39m[22m[90m (41)[39m
[2m   Start at [22m 20:49:18
[2m   Duration [22m 5.78s[2m (transform 3.73s, setup 474ms, import 5.40s, tests 123ms, environment 0ms)[22m

